<?xml version="1.0" encoding="UTF-8"?><mappingRoot xmlns="http://www.ibm.com/2008/ccl/Mapping" domainID="com.ibm.msl.mapping.xml" domainIDExtension="mb" mainMap="true" targetNamespace="default" version="8.0.5.0" xmlns:map="default">
    <input path="jar:file://!com/ibm/etools/mft/map/xsds/predefined/BlobMessage.xsd"/>
    <output path="jar:file://!com/ibm/etools/mft/map/xsds/predefined/JsonDomainMsg.xsd" var="var"/>
    <output derivedFrom="MB:JSON_schema_in_swagger_document" path="/swagger.json" var="var1"/>
    <namespaces>
        <namespace kind="supplement" prefix="out" uri="http://www.ibm.com/iib/msl/json"/>
        <namespace kind="extension" prefix="fn" uri="http://www.w3.org/2005/xpath-functions"/>
    </namespaces>
    <generation engine="xquery"/>
    <mappingDeclaration name="getHello_Mapping">
        <input derivedFrom="MB:JSON_operation_name:getHello" path="mb:msg(BLOB,assembly,BLOB,Properties,LocalEnvironment)" var="ComIbmMessageAssembly_BLOB"/>
        <output namespace="http://www.ibm.com/iib/msl/json" path="$var/mb:msg(JSON,assembly,JSON,Properties)" var="ComIbmMessageAssembly_JSON">
            <cast derivedFrom="MB:JSON_operation_response" path="$ComIbmMessageAssembly_JSON/JSON/Data/type('anyType')" qualifier="{http://www.ibm.com/iib/msl/json}verificationTest" ref="var1"/>
        </output>
        <move>
            <input path="$ComIbmMessageAssembly_BLOB/Properties"/>
            <output path="$ComIbmMessageAssembly_JSON/Properties"/>
        </move>
        <task type="info">
            <documentation description="The REST API input data of operation getHello.">This Task is provided to show the location of the REST API input data of operation getHello.
The path and query parameters are provided under "Parameters".
You may need to use these as inputs to your mappings.</documentation>
            <input path="$ComIbmMessageAssembly_BLOB/LocalEnvironment/REST/Input"/>
        </task>
        <local>
            <output path="$ComIbmMessageAssembly_JSON/JSON/spath('Data',2)/greetings"/>
            <assign value="Hello from AppConnect Enterprise powered by Cloud Pak for Integration">
                <output path="Item"/>
            </assign>
            <function ref="fn:current-dateTime">
                <output path="Item"/>
            </function>
        </local>
    </mappingDeclaration>
</mappingRoot>